22:18:17 poll 1: 18 live matches, 54 books, 0.3s
22:28:30 poll 301: 18 live matches, 54 books, 0.2s
22:30:58 conl-cub-skn-2026-10-05 BUY_ALL 15.977 c x 10.0 -> 1 s later: None
22:39:22 poll 601: 15 live matches, 45 books, 0.2s
22:41:18 arg-vel-pla-2026-10-05 SELL_ALL 10.494 c x 20.0 -> 1 s later: None
22:48:35 conl-cub-skn-2026-10-05 BUY_ALL 0.678 c x 10.0 -> 1 s later: [0.678, 34.0]
22:48:37 conl-cub-skn-2026-10-05 BUY_ALL 0.678 c x 34.0 -> 1 s later: None
22:49:17 conl-cub-skn-2026-10-05 BUY_ALL 0.167 c x 0.33 -> 1 s later: [0.167, 0.33]
22:49:19 conl-cub-skn-2026-10-05 BUY_ALL 0.167 c x 0.33 -> 1 s later: None
22:49:23 poll 901: 18 live matches, 54 books, 0.2s
23:00:12 poll 1201: 18 live matches, 54 books, 0.2s
23:11:03 poll 1501: 18 live matches, 54 books, 0.2s
23:18:40 arg-vel-pla-2026-10-05 BUY_ALL 0.489 c x 5.0 -> 1 s later: [0.435, 5.0]
23:18:42 arg-vel-pla-2026-10-05 BUY_ALL 0.435 c x 5.0 -> 1 s later: None
23:21:04 poll 1801: 18 live matches, 54 books, 0.2s
23:31:53 poll 2101: 15 live matches, 45 books, 0.2s
23:34:24 conl-mart-slv-2026-10-05 BUY_ALL 0.18 c x 12.0 -> 1 s later: None
23:35:24 arg-est-gye-2026-10-05 BUY_ALL 5.395 c x 14.4 -> 1 s later: [5.395, 14.4]
23:35:34 arg-est-gye-2026-10-05 BUY_ALL 0.3 c x 24.0 -> 1 s later: [0.3, 24.0]
23:35:36 arg-est-gye-2026-10-05 BUY_ALL 0.3 c x 24.0 -> 1 s later: [0.3, 24.0]
23:36:04 conl-mart-slv-2026-10-05 BUY_ALL 0.215 c x 8.07 -> 1 s later: None
